// Jest Snapshot v1, https://goo.gl/fbAQLP

exports[`Detail.jsx Detail component and children match snapshot 1`] = `
<div
  className="container-fluid"
>
  <div
    className="show-grid row"
  >
    <div
      className="col-md-6 col-sm-6"
    >
      <div
        className="container-fluid"
      >
        <div
          className="show-grid row"
        >
          <div
            className="no-gutter col-md-12"
          >
            <img
              className="img-responsive"
              src="https://s3-us-west-1.amazonaws.com/kitchen-photos/images/image-1.jpg"
            />
          </div>
        </div>
        <div
          className="row"
        >
          <div
            className="no-gutter col-md-3 col-sm-6 col-xs-6"
          >
            <img
              className="img-responsive"
              onClick={[Function]}
              src="https://s3-us-west-1.amazonaws.com/kitchen-photos/images/image-1.jpg"
            />
          </div>
          <div
            className="no-gutter col-md-3 col-sm-6 col-xs-6"
          >
            <img
              className="img-responsive"
              onClick={[Function]}
              src="https://s3-us-west-1.amazonaws.com/kitchen-photos/images/image-16a.jpg"
            />
          </div>
          <div
            className="no-gutter col-md-3 col-sm-6 col-xs-6"
          >
            <img
              className="img-responsive"
              onClick={[Function]}
              src="https://s3-us-west-1.amazonaws.com/kitchen-photos/images/image-1b.jpg"
            />
          </div>
        </div>
      </div>
    </div>
    <div
      className="col-md-6 col-sm-6"
    >
      <div
        className="container-fluid"
      >
        <div
          className="row"
        >
          <div
            className="col-md-12"
          >
            <h3>
              Fantastic Soft Table
            </h3>
             by 
            <h4>
              Kling, Towne and Waelchi
            </h4>
          </div>
        </div>
        <div
          className="row"
        >
          <div
            className="col-md-12"
          >
            <p>
               
              Ea tempore rerum assumenda et deserunt consequatur nemo eos. Omnis temporibus voluptas. Eaque veniam laboriosam iusto maxime aut ipsam voluptatum. Ad officiis cum quia hic numquam assumenda unde et. Quo cumque consequatur dolorem distinctio in rerum in at. Voluptatem quia eius velit.
               
            </p>
          </div>
        </div>
      </div>
    </div>
  </div>
  <div
    className="row"
  >
    <div
      className="col-md-1 col-md-push-7"
    >
      $
      496.00
    </div>
    <div
      className="col-md-4 col-md-push-7"
    >
      <button
        className="btn btn-lg btn-default"
        disabled={false}
        type="button"
      >
        Add To Basket
      </button>
    </div>
  </div>
</div>
`;
